╔══════════════════════════════════════════════════════════════════════════════╗
║  KOVA  ·  report compare                                                     ║
╚══════════════════════════════════════════════════════════════════════════════╝
   [FAIL]   4 regressions · 1 affected
            local-build:…Claw/shakker-claw → local-build:…Claw/shakker-claw

  baseline  local-build:…Claw/shakker-claw    kova-<runId>
  current   local-build:…Claw/shakker-claw    kova-<runId>
  delta     4 regressions  ·  1 scenario affected

─── scenarios ──────────────────────────────────────────────────────────────────

scenario                 samples  verdict            Δ  worst metric
release-runtime-startup      0/1  [REGRESSED]       +3  nodeProfileTopFunctionMs
    ↳ 32.8× tol

─── release-runtime-startup ────────────────────── [REGRESSED] · FAIL → FAIL ───

metric              baseline       current              Δ     tolerance   status
diagnosticArt…             0   128,880,485   +128,880,485    26,214,400   OVER
heapSnapshotB…             0   128,809,325   +128,809,325    52,428,800   OVER
nodeProfileTo…       145,175       309,157        +113.0%         5,000   OVER
timeline.even…             0            55            +55             —   WATCH
nodeCpuProfil…             5             6         +20.0%             —   WATCH
nodeHeapProfi…             5             6         +20.0%             —   WATCH
heapSnapshotC…             0             1             +1             —   WATCH
repeated.spans             0             1             +1             —   WATCH
v8ReportCount              0             1             +1             —   WATCH
cold.ready.ms         158 ms        703 ms        +344.9%      5,000 ms   PASS
nodeProfileAr…   172,827,123   123,137,894         -28.8%   104,857,600   PASS
plugins.list.…      1,145 ms      1,438 ms         +25.6%      1,000 ms   PASS
gateway.rss.mb        287 MB        349 MB         +21.6%        100 MB   PASS
nodeTraceEven…             7             6         -14.3%             —   PASS
resource.samp…            22            20          -9.1%             —   PASS
status.ms           2,092 ms      2,237 ms          +6.9%      1,000 ms   PASS
cpu.max.%              143 %         150 %          +4.9%          25 %   PASS
command.tree.…        540 MB        556 MB          +3.0%        100 MB   PASS
tcpConnectMax…             0             1             +1           250   PASS

─── findings ───────────────────────────────────────────────────────────────────

  + ✗ diagnosticArtifactBytes +128,880,485 (0 -> 128,880,485)
      release-runtime-startup/fresh tolerance 26214400; diagnosticArtifactBytes
      increased by 128880485 (0 -> 128880485), over tolerance 26214400
  + ✗ heapSnapshotBytes +128,809,325 (0 -> 128,809,325)
      release-runtime-startup/fresh tolerance 52428800; heapSnapshotBytes
      increased by 128809325 (0 -> 128809325), over tolerance 52428800
  + ✗ nodeProfileTopFunctionMs +163,982.15 (145,175.04 -> 309,157.19)
      release-runtime-startup/fresh tolerance 5000; nodeProfileTopFunctionMs
      increased by 163982.15 (145175.04 -> 309157.19), over tolerance 5000
  + ✗ peak RSS 904.5 MB (cap 900 MB)
      release-runtime-startup/fresh gatewayRssMb: 348.8; cpuPercentMax: 150.1

─── next ───────────────────────────────────────────────────────────────────────

  → kova report kova-<runId>
  → kova report bundle kova-<runId>
